// Jest Snapshot v1, https://goo.gl/fbAQLP

exports[`patient should work 1`] = `"{"resourceType":"Patient","extension":[{"url":"http://hl7.org/fhir/us/core/StructureDefinition/us-core-race","extension":[{"url":"ombCategory","valueCoding":{"system":"urn:oid:2.16.840.1.113883.6.238","code":"2106-3","display":"White"}},{"url":"ombCategory","valueCoding":{"system":"urn:oid:2.16.840.1.113883.6.238","code":"2028-9","display":"Asian"}},{"url":"detailed","valueCoding":{"system":"urn:oid:2.16.840.1.113883.6.238","code":"1586-7","display":"Shoshone"}},{"url":"detailed","valueCoding":{"system":"urn:oid:2.16.840.1.113883.6.238","code":"2036-2","display":"Filipino"}},{"url":"text","valueString":"Mixed"}]},{"url":"http://hl7.org/fhir/us/core/StructureDefinition/us-core-ethnicity","extension":[{"url":"ombCategory","valueCoding":{"system":"urn:oid:2.16.840.1.113883.6.238","code":"2135-2","display":"Hispanic or Latino"}},{"url":"detailed","valueCoding":{"system":"urn:oid:2.16.840.1.113883.6.238","code":"2184-0","display":"Dominican"}},{"url":"detailed","valueCoding":{"system":"urn:oid:2.16.840.1.113883.6.238","code":"2148-5","display":"Mexican"}},{"url":"text","valueString":"Hispanic or Latino"}]},{"url":"http://hl7.org/fhir/us/core/StructureDefinition/us-core-tribal-affiliation","extension":[{"url":"tribalAffiliation","valueCodeableConcept":{"coding":[{"system":"http://terminology.hl7.org/CodeSystem/v3-TribalEntityUS","code":"187","display":"Paiute-Shoshone Tribe of the Fallon Reservation and Colony, Nevada"}],"text":"Paiute-Shoshone Tribe of the Fallon Reservation and Colony, Nevada"}},{"url":"isEnrolled","valueBoolean":false}]},{"url":"http://hl7.org/fhir/us/core/StructureDefinition/us-core-birthsex","valueCode":"F"},{"url":"http://hl7.org/fhir/us/core/StructureDefinition/us-core-sex","valueCode":"184115007"},{"url":"http://hl7.org/fhir/us/core/StructureDefinition/us-core-genderIdentity","valueCodeableConcept":{"coding":[{"system":"http://terminology.hl7.org/CodeSystem/v3-NullFlavor","code":"UNK","display":"Unknown"}],"text":"Unknown"}}],"text":{"status":"generated","div":"<div xmlns=\\"http://www.w3.org/1999/xhtml\\"><ul></ul></div>"}}"`;
